###############################################################################
#
# IAR ELF Linker V7.70.1.11437/W32 for ARM                11/Nov/2016  16:58:09
# Copyright 2007-2016 IAR Systems AB.
#
#    Output file  =  
#        D:\IAR_Code\Walkie_Talkie\EWARM\Walkie_Talkie\Exe\Walkie_Talkie.out
#    Map file     =  
#        D:\IAR_Code\Walkie_Talkie\EWARM\Walkie_Talkie\List\Walkie_Talkie.map
#    Command line =  
#        D:\IAR_Code\Walkie_Talkie\EWARM\Walkie_Talkie\Obj\A2NLSF.o
#        D:\IAR_Code\Walkie_Talkie\EWARM\Walkie_Talkie\Obj\ana_filt_bank_1.o
#        D:\IAR_Code\Walkie_Talkie\EWARM\Walkie_Talkie\Obj\analysis.o
#        D:\IAR_Code\Walkie_Talkie\EWARM\Walkie_Talkie\Obj\apply_sine_window_FIX.o
#        D:\IAR_Code\Walkie_Talkie\EWARM\Walkie_Talkie\Obj\arm_celt_map.o
#        D:\IAR_Code\Walkie_Talkie\EWARM\Walkie_Talkie\Obj\armcpu.o
#        D:\IAR_Code\Walkie_Talkie\EWARM\Walkie_Talkie\Obj\Audio.o
#        D:\IAR_Code\Walkie_Talkie\EWARM\Walkie_Talkie\Obj\autocorr_FIX.o
#        D:\IAR_Code\Walkie_Talkie\EWARM\Walkie_Talkie\Obj\bands.o
#        D:\IAR_Code\Walkie_Talkie\EWARM\Walkie_Talkie\Obj\biquad_alt.o
#        D:\IAR_Code\Walkie_Talkie\EWARM\Walkie_Talkie\Obj\burg_modified_FIX.o
#        D:\IAR_Code\Walkie_Talkie\EWARM\Walkie_Talkie\Obj\bwexpander.o
#        D:\IAR_Code\Walkie_Talkie\EWARM\Walkie_Talkie\Obj\bwexpander_32.o
#        D:\IAR_Code\Walkie_Talkie\EWARM\Walkie_Talkie\Obj\celt.o
#        D:\IAR_Code\Walkie_Talkie\EWARM\Walkie_Talkie\Obj\celt_decoder.o
#        D:\IAR_Code\Walkie_Talkie\EWARM\Walkie_Talkie\Obj\celt_encoder.o
#        D:\IAR_Code\Walkie_Talkie\EWARM\Walkie_Talkie\Obj\celt_lpc.o
#        D:\IAR_Code\Walkie_Talkie\EWARM\Walkie_Talkie\Obj\check_control_input.o
#        D:\IAR_Code\Walkie_Talkie\EWARM\Walkie_Talkie\Obj\CNG.o
#        D:\IAR_Code\Walkie_Talkie\EWARM\Walkie_Talkie\Obj\code_signs.o
#        D:\IAR_Code\Walkie_Talkie\EWARM\Walkie_Talkie\Obj\control_audio_bandwidth.o
#        D:\IAR_Code\Walkie_Talkie\EWARM\Walkie_Talkie\Obj\control_codec.o
#        D:\IAR_Code\Walkie_Talkie\EWARM\Walkie_Talkie\Obj\control_SNR.o
#        D:\IAR_Code\Walkie_Talkie\EWARM\Walkie_Talkie\Obj\corrMatrix_FIX.o
#        D:\IAR_Code\Walkie_Talkie\EWARM\Walkie_Talkie\Obj\cwrs.o
#        D:\IAR_Code\Walkie_Talkie\EWARM\Walkie_Talkie\Obj\debug.o
#        D:\IAR_Code\Walkie_Talkie\EWARM\Walkie_Talkie\Obj\dec_API.o
#        D:\IAR_Code\Walkie_Talkie\EWARM\Walkie_Talkie\Obj\decode_core.o
#        D:\IAR_Code\Walkie_Talkie\EWARM\Walkie_Talkie\Obj\decode_frame.o
#        D:\IAR_Code\Walkie_Talkie\EWARM\Walkie_Talkie\Obj\decode_indices.o
#        D:\IAR_Code\Walkie_Talkie\EWARM\Walkie_Talkie\Obj\decode_parameters.o
#        D:\IAR_Code\Walkie_Talkie\EWARM\Walkie_Talkie\Obj\decode_pitch.o
#        D:\IAR_Code\Walkie_Talkie\EWARM\Walkie_Talkie\Obj\decode_pulses.o
#        D:\IAR_Code\Walkie_Talkie\EWARM\Walkie_Talkie\Obj\decoder_set_fs.o
#        D:\IAR_Code\Walkie_Talkie\EWARM\Walkie_Talkie\Obj\enc_API.o
#        D:\IAR_Code\Walkie_Talkie\EWARM\Walkie_Talkie\Obj\encode_frame_FIX.o
#        D:\IAR_Code\Walkie_Talkie\EWARM\Walkie_Talkie\Obj\encode_indices.o
#        D:\IAR_Code\Walkie_Talkie\EWARM\Walkie_Talkie\Obj\encode_pulses.o
#        D:\IAR_Code\Walkie_Talkie\EWARM\Walkie_Talkie\Obj\entcode.o
#        D:\IAR_Code\Walkie_Talkie\EWARM\Walkie_Talkie\Obj\entdec.o
#        D:\IAR_Code\Walkie_Talkie\EWARM\Walkie_Talkie\Obj\entenc.o
#        D:\IAR_Code\Walkie_Talkie\EWARM\Walkie_Talkie\Obj\find_LPC_FIX.o
#        D:\IAR_Code\Walkie_Talkie\EWARM\Walkie_Talkie\Obj\find_LTP_FIX.o
#        D:\IAR_Code\Walkie_Talkie\EWARM\Walkie_Talkie\Obj\find_pitch_lags_FIX.o
#        D:\IAR_Code\Walkie_Talkie\EWARM\Walkie_Talkie\Obj\find_pred_coefs_FIX.o
#        D:\IAR_Code\Walkie_Talkie\EWARM\Walkie_Talkie\Obj\gain_quant.o
#        D:\IAR_Code\Walkie_Talkie\EWARM\Walkie_Talkie\Obj\HP_variable_cutoff.o
#        D:\IAR_Code\Walkie_Talkie\EWARM\Walkie_Talkie\Obj\init_decoder.o
#        D:\IAR_Code\Walkie_Talkie\EWARM\Walkie_Talkie\Obj\init_encoder.o
#        D:\IAR_Code\Walkie_Talkie\EWARM\Walkie_Talkie\Obj\inner_prod_aligned.o
#        D:\IAR_Code\Walkie_Talkie\EWARM\Walkie_Talkie\Obj\interpolate.o
#        D:\IAR_Code\Walkie_Talkie\EWARM\Walkie_Talkie\Obj\k2a_FIX.o
#        D:\IAR_Code\Walkie_Talkie\EWARM\Walkie_Talkie\Obj\k2a_Q16_FIX.o
#        D:\IAR_Code\Walkie_Talkie\EWARM\Walkie_Talkie\Obj\kiss_fft.o
#        D:\IAR_Code\Walkie_Talkie\EWARM\Walkie_Talkie\Obj\laplace.o
#        D:\IAR_Code\Walkie_Talkie\EWARM\Walkie_Talkie\Obj\lin2log.o
#        D:\IAR_Code\Walkie_Talkie\EWARM\Walkie_Talkie\Obj\log2lin.o
#        D:\IAR_Code\Walkie_Talkie\EWARM\Walkie_Talkie\Obj\LP_variable_cutoff.o
#        D:\IAR_Code\Walkie_Talkie\EWARM\Walkie_Talkie\Obj\LPC_analysis_filter.o
#        D:\IAR_Code\Walkie_Talkie\EWARM\Walkie_Talkie\Obj\LPC_inv_pred_gain.o
#        D:\IAR_Code\Walkie_Talkie\EWARM\Walkie_Talkie\Obj\LTP_analysis_filter_FIX.o
#        D:\IAR_Code\Walkie_Talkie\EWARM\Walkie_Talkie\Obj\LTP_scale_ctrl_FIX.o
#        D:\IAR_Code\Walkie_Talkie\EWARM\Walkie_Talkie\Obj\main.o
#        D:\IAR_Code\Walkie_Talkie\EWARM\Walkie_Talkie\Obj\mathops.o
#        "D:\IAR_Code\Walkie_Talkie\EWARM\Walkie_Talkie\Obj\matrix keyboard.o"
#        "D:\IAR_Code\Walkie_Talkie\EWARM\Walkie_Talkie\Obj\matrix
#        keyboard_CallBack.o"
#        D:\IAR_Code\Walkie_Talkie\EWARM\Walkie_Talkie\Obj\mdct.o
#        D:\IAR_Code\Walkie_Talkie\EWARM\Walkie_Talkie\Obj\mlp.o
#        D:\IAR_Code\Walkie_Talkie\EWARM\Walkie_Talkie\Obj\mlp_data.o
#        D:\IAR_Code\Walkie_Talkie\EWARM\Walkie_Talkie\Obj\modes.o
#        D:\IAR_Code\Walkie_Talkie\EWARM\Walkie_Talkie\Obj\NLSF2A.o
#        D:\IAR_Code\Walkie_Talkie\EWARM\Walkie_Talkie\Obj\NLSF_decode.o
#        D:\IAR_Code\Walkie_Talkie\EWARM\Walkie_Talkie\Obj\NLSF_del_dec_quant.o
#        D:\IAR_Code\Walkie_Talkie\EWARM\Walkie_Talkie\Obj\NLSF_encode.o
#        D:\IAR_Code\Walkie_Talkie\EWARM\Walkie_Talkie\Obj\NLSF_stabilize.o
#        D:\IAR_Code\Walkie_Talkie\EWARM\Walkie_Talkie\Obj\NLSF_unpack.o
#        D:\IAR_Code\Walkie_Talkie\EWARM\Walkie_Talkie\Obj\NLSF_VQ.o
#        D:\IAR_Code\Walkie_Talkie\EWARM\Walkie_Talkie\Obj\NLSF_VQ_weights_laroia.o
#        D:\IAR_Code\Walkie_Talkie\EWARM\Walkie_Talkie\Obj\noise_shape_analysis_FIX.o
#        D:\IAR_Code\Walkie_Talkie\EWARM\Walkie_Talkie\Obj\NSQ.o
#        D:\IAR_Code\Walkie_Talkie\EWARM\Walkie_Talkie\Obj\NSQ_del_dec.o
#        D:\IAR_Code\Walkie_Talkie\EWARM\Walkie_Talkie\Obj\opus.o
#        D:\IAR_Code\Walkie_Talkie\EWARM\Walkie_Talkie\Obj\opus_decoder.o
#        D:\IAR_Code\Walkie_Talkie\EWARM\Walkie_Talkie\Obj\opus_encoder.o
#        D:\IAR_Code\Walkie_Talkie\EWARM\Walkie_Talkie\Obj\opus_multistream.o
#        D:\IAR_Code\Walkie_Talkie\EWARM\Walkie_Talkie\Obj\opus_multistream_decoder.o
#        D:\IAR_Code\Walkie_Talkie\EWARM\Walkie_Talkie\Obj\opus_multistream_encoder.o
#        D:\IAR_Code\Walkie_Talkie\EWARM\Walkie_Talkie\Obj\pitch.o
#        D:\IAR_Code\Walkie_Talkie\EWARM\Walkie_Talkie\Obj\pitch_analysis_core_FIX.o
#        D:\IAR_Code\Walkie_Talkie\EWARM\Walkie_Talkie\Obj\pitch_est_tables.o
#        D:\IAR_Code\Walkie_Talkie\EWARM\Walkie_Talkie\Obj\PLC.o
#        D:\IAR_Code\Walkie_Talkie\EWARM\Walkie_Talkie\Obj\prefilter_FIX.o
#        D:\IAR_Code\Walkie_Talkie\EWARM\Walkie_Talkie\Obj\process_gains_FIX.o
#        D:\IAR_Code\Walkie_Talkie\EWARM\Walkie_Talkie\Obj\process_NLSFs.o
#        D:\IAR_Code\Walkie_Talkie\EWARM\Walkie_Talkie\Obj\quant_bands.o
#        D:\IAR_Code\Walkie_Talkie\EWARM\Walkie_Talkie\Obj\quant_LTP_gains.o
#        D:\IAR_Code\Walkie_Talkie\EWARM\Walkie_Talkie\Obj\rate.o
#        D:\IAR_Code\Walkie_Talkie\EWARM\Walkie_Talkie\Obj\regularize_correlations_FIX.o
#        D:\IAR_Code\Walkie_Talkie\EWARM\Walkie_Talkie\Obj\repacketizer.o
#        D:\IAR_Code\Walkie_Talkie\EWARM\Walkie_Talkie\Obj\resampler.o
#        D:\IAR_Code\Walkie_Talkie\EWARM\Walkie_Talkie\Obj\resampler_down2.o
#        D:\IAR_Code\Walkie_Talkie\EWARM\Walkie_Talkie\Obj\resampler_down2_3.o
#        D:\IAR_Code\Walkie_Talkie\EWARM\Walkie_Talkie\Obj\resampler_private_AR2.o
#        D:\IAR_Code\Walkie_Talkie\EWARM\Walkie_Talkie\Obj\resampler_private_down_FIR.o
#        D:\IAR_Code\Walkie_Talkie\EWARM\Walkie_Talkie\Obj\resampler_private_IIR_FIR.o
#        D:\IAR_Code\Walkie_Talkie\EWARM\Walkie_Talkie\Obj\resampler_private_up2_HQ.o
#        D:\IAR_Code\Walkie_Talkie\EWARM\Walkie_Talkie\Obj\resampler_rom.o
#        D:\IAR_Code\Walkie_Talkie\EWARM\Walkie_Talkie\Obj\residual_energy16_FIX.o
#        D:\IAR_Code\Walkie_Talkie\EWARM\Walkie_Talkie\Obj\residual_energy_FIX.o
#        D:\IAR_Code\Walkie_Talkie\EWARM\Walkie_Talkie\Obj\schur64_FIX.o
#        D:\IAR_Code\Walkie_Talkie\EWARM\Walkie_Talkie\Obj\schur_FIX.o
#        D:\IAR_Code\Walkie_Talkie\EWARM\Walkie_Talkie\Obj\shell_coder.o
#        D:\IAR_Code\Walkie_Talkie\EWARM\Walkie_Talkie\Obj\sigm_Q15.o
#        D:\IAR_Code\Walkie_Talkie\EWARM\Walkie_Talkie\Obj\solve_LS_FIX.o
#        D:\IAR_Code\Walkie_Talkie\EWARM\Walkie_Talkie\Obj\sort.o
#        D:\IAR_Code\Walkie_Talkie\EWARM\Walkie_Talkie\Obj\SPIRIT1.o
#        D:\IAR_Code\Walkie_Talkie\EWARM\Walkie_Talkie\Obj\SPIRIT_Aes.o
#        D:\IAR_Code\Walkie_Talkie\EWARM\Walkie_Talkie\Obj\SPIRIT_Calibration.o
#        D:\IAR_Code\Walkie_Talkie\EWARM\Walkie_Talkie\Obj\SPIRIT_Commands.o
#        D:\IAR_Code\Walkie_Talkie\EWARM\Walkie_Talkie\Obj\SPIRIT_Csma.o
#        D:\IAR_Code\Walkie_Talkie\EWARM\Walkie_Talkie\Obj\SPIRIT_DirectRF.o
#        D:\IAR_Code\Walkie_Talkie\EWARM\Walkie_Talkie\Obj\SPIRIT_General.o
#        D:\IAR_Code\Walkie_Talkie\EWARM\Walkie_Talkie\Obj\SPIRIT_Gpio.o
#        D:\IAR_Code\Walkie_Talkie\EWARM\Walkie_Talkie\Obj\SPIRIT_Irq.o
#        D:\IAR_Code\Walkie_Talkie\EWARM\Walkie_Talkie\Obj\SPIRIT_LinearFifo.o
#        D:\IAR_Code\Walkie_Talkie\EWARM\Walkie_Talkie\Obj\SPIRIT_Management.o
#        D:\IAR_Code\Walkie_Talkie\EWARM\Walkie_Talkie\Obj\SPIRIT_PktBasic.o
#        D:\IAR_Code\Walkie_Talkie\EWARM\Walkie_Talkie\Obj\SPIRIT_PktCommon.o
#        D:\IAR_Code\Walkie_Talkie\EWARM\Walkie_Talkie\Obj\SPIRIT_PktMbus.o
#        D:\IAR_Code\Walkie_Talkie\EWARM\Walkie_Talkie\Obj\SPIRIT_PktStack.o
#        D:\IAR_Code\Walkie_Talkie\EWARM\Walkie_Talkie\Obj\SPIRIT_Qi.o
#        D:\IAR_Code\Walkie_Talkie\EWARM\Walkie_Talkie\Obj\SPIRIT_Radio.o
#        D:\IAR_Code\Walkie_Talkie\EWARM\Walkie_Talkie\Obj\SPIRIT_Timer.o
#        D:\IAR_Code\Walkie_Talkie\EWARM\Walkie_Talkie\Obj\SPIRIT_Types.o
#        D:\IAR_Code\Walkie_Talkie\EWARM\Walkie_Talkie\Obj\sta350bw.o
#        D:\IAR_Code\Walkie_Talkie\EWARM\Walkie_Talkie\Obj\startup_stm32l476xx.o
#        D:\IAR_Code\Walkie_Talkie\EWARM\Walkie_Talkie\Obj\stereo_decode_pred.o
#        D:\IAR_Code\Walkie_Talkie\EWARM\Walkie_Talkie\Obj\stereo_encode_pred.o
#        D:\IAR_Code\Walkie_Talkie\EWARM\Walkie_Talkie\Obj\stereo_find_predictor.o
#        D:\IAR_Code\Walkie_Talkie\EWARM\Walkie_Talkie\Obj\stereo_LR_to_MS.o
#        D:\IAR_Code\Walkie_Talkie\EWARM\Walkie_Talkie\Obj\stereo_MS_to_LR.o
#        D:\IAR_Code\Walkie_Talkie\EWARM\Walkie_Talkie\Obj\stereo_quant_pred.o
#        D:\IAR_Code\Walkie_Talkie\EWARM\Walkie_Talkie\Obj\stm32l4xx_hal.o
#        D:\IAR_Code\Walkie_Talkie\EWARM\Walkie_Talkie\Obj\stm32l4xx_hal_cortex.o
#        D:\IAR_Code\Walkie_Talkie\EWARM\Walkie_Talkie\Obj\stm32l4xx_hal_dfsdm.o
#        D:\IAR_Code\Walkie_Talkie\EWARM\Walkie_Talkie\Obj\stm32l4xx_hal_dma.o
#        D:\IAR_Code\Walkie_Talkie\EWARM\Walkie_Talkie\Obj\stm32l4xx_hal_flash.o
#        D:\IAR_Code\Walkie_Talkie\EWARM\Walkie_Talkie\Obj\stm32l4xx_hal_flash_ex.o
#        D:\IAR_Code\Walkie_Talkie\EWARM\Walkie_Talkie\Obj\stm32l4xx_hal_flash_ramfunc.o
#        D:\IAR_Code\Walkie_Talkie\EWARM\Walkie_Talkie\Obj\stm32l4xx_hal_gpio.o
#        D:\IAR_Code\Walkie_Talkie\EWARM\Walkie_Talkie\Obj\stm32l4xx_hal_i2c.o
#        D:\IAR_Code\Walkie_Talkie\EWARM\Walkie_Talkie\Obj\stm32l4xx_hal_i2c_ex.o
#        D:\IAR_Code\Walkie_Talkie\EWARM\Walkie_Talkie\Obj\stm32l4xx_hal_msp.o
#        D:\IAR_Code\Walkie_Talkie\EWARM\Walkie_Talkie\Obj\stm32l4xx_hal_pwr.o
#        D:\IAR_Code\Walkie_Talkie\EWARM\Walkie_Talkie\Obj\stm32l4xx_hal_pwr_ex.o
#        D:\IAR_Code\Walkie_Talkie\EWARM\Walkie_Talkie\Obj\stm32l4xx_hal_rcc.o
#        D:\IAR_Code\Walkie_Talkie\EWARM\Walkie_Talkie\Obj\stm32l4xx_hal_rcc_ex.o
#        D:\IAR_Code\Walkie_Talkie\EWARM\Walkie_Talkie\Obj\stm32l4xx_hal_sai.o
#        D:\IAR_Code\Walkie_Talkie\EWARM\Walkie_Talkie\Obj\stm32l4xx_hal_spi.o
#        D:\IAR_Code\Walkie_Talkie\EWARM\Walkie_Talkie\Obj\stm32l4xx_hal_spi_ex.o
#        D:\IAR_Code\Walkie_Talkie\EWARM\Walkie_Talkie\Obj\stm32l4xx_hal_tim.o
#        D:\IAR_Code\Walkie_Talkie\EWARM\Walkie_Talkie\Obj\stm32l4xx_hal_tim_ex.o
#        D:\IAR_Code\Walkie_Talkie\EWARM\Walkie_Talkie\Obj\stm32l4xx_hal_uart.o
#        D:\IAR_Code\Walkie_Talkie\EWARM\Walkie_Talkie\Obj\stm32l4xx_hal_uart_ex.o
#        D:\IAR_Code\Walkie_Talkie\EWARM\Walkie_Talkie\Obj\stm32l4xx_it.o
#        D:\IAR_Code\Walkie_Talkie\EWARM\Walkie_Talkie\Obj\sum_sqr_shift.o
#        D:\IAR_Code\Walkie_Talkie\EWARM\Walkie_Talkie\Obj\system_stm32l4xx.o
#        D:\IAR_Code\Walkie_Talkie\EWARM\Walkie_Talkie\Obj\table_LSF_cos.o
#        D:\IAR_Code\Walkie_Talkie\EWARM\Walkie_Talkie\Obj\tables_gain.o
#        D:\IAR_Code\Walkie_Talkie\EWARM\Walkie_Talkie\Obj\tables_LTP.o
#        D:\IAR_Code\Walkie_Talkie\EWARM\Walkie_Talkie\Obj\tables_NLSF_CB_NB_MB.o
#        D:\IAR_Code\Walkie_Talkie\EWARM\Walkie_Talkie\Obj\tables_NLSF_CB_WB.o
#        D:\IAR_Code\Walkie_Talkie\EWARM\Walkie_Talkie\Obj\tables_other.o
#        D:\IAR_Code\Walkie_Talkie\EWARM\Walkie_Talkie\Obj\tables_pitch_lag.o
#        D:\IAR_Code\Walkie_Talkie\EWARM\Walkie_Talkie\Obj\tables_pulses_per_block.o
#        D:\IAR_Code\Walkie_Talkie\EWARM\Walkie_Talkie\Obj\test.o
#        D:\IAR_Code\Walkie_Talkie\EWARM\Walkie_Talkie\Obj\VAD.o
#        D:\IAR_Code\Walkie_Talkie\EWARM\Walkie_Talkie\Obj\vector_ops_FIX.o
#        D:\IAR_Code\Walkie_Talkie\EWARM\Walkie_Talkie\Obj\vq.o
#        D:\IAR_Code\Walkie_Talkie\EWARM\Walkie_Talkie\Obj\VQ_WMat_EC.o
#        D:\IAR_Code\Walkie_Talkie\EWARM\Walkie_Talkie\Obj\warped_autocorrelation_FIX.o
#        D:\IAR_Code\Walkie_Talkie\EWARM\Walkie_Talkie\Obj\XiFi.o --redirect
#        _Printf=_PrintfFull --redirect _Scanf=_ScanfFull -o
#        D:\IAR_Code\Walkie_Talkie\EWARM\Walkie_Talkie\Exe\Walkie_Talkie.out
#        --map
#        D:\IAR_Code\Walkie_Talkie\EWARM\Walkie_Talkie\List\Walkie_Talkie.map
#        --config D:\IAR_Code\Walkie_Talkie\EWARM\Walkie_Talkie.icf
#        --semihosting --entry __iar_program_start --inline "D:\Program Files
#        (x86)\IAR Systems\Embedded Workbench
#        7.5\arm\CMSIS\Lib\IAR\iar_cortexM4lf_math.a"
#        --merge_duplicate_sections --vfe
#
###############################################################################

*******************************************************************************
*** RUNTIME MODEL ATTRIBUTES
***

CppFlavor       = *
__Heap_Handler  = DLMalloc
__SystemLibrary = DLib


*******************************************************************************
*** PLACEMENT SUMMARY
***

"A0":  place at 0x08000000 { ro section .intvec };
"P1":  place in [from 0x00000000 to 0x00000000] |
                [from 0x08000000 to 0x080fffff] { ro };
"P3":  place in [from 0x20000000 to 0x20017fff] { rw, block CSTACK, block HEAP };
initialize by copy { rw };

  Section            Kind        Address     Size  Object
  -------            ----        -------     ----  ------
"A0":                                       0x188
  .intvec            ro code  0x08000000    0x188  startup_stm32l476xx.o [1]
                            - 0x08000188    0x188

"P1":                                      0xd82c
  .text              ro code  0x08000188   0x14f4  dlmalloc.o [3]
  .text              ro code  0x0800167c      0x6  abort.o [3]
  .text              ro code  0x08001684     0x2c  xgetmemchunk.o [3]
  .text              ro code  0x080016b0     0x14  exit.o [6]
  .text              ro code  0x080016c4   0x10e0  stm32l4xx_hal_rcc_ex.o [1]
  .text              ro code  0x080027a4      0xc  stm32l4xx_hal.o [1]
  .text              ro code  0x080027b0    0xaac  stm32l4xx_hal_rcc.o [1]
  .text              ro code  0x0800325c     0x28  stm32l4xx_hal.o [1]
  .text              ro code  0x08003284     0xa8  stm32l4xx_hal_pwr_ex.o [1]
  .text              ro code  0x0800332c    0x164  stm32l4xx_hal_cortex.o [1]
  .text              ro code  0x08003490    0xf10  SPIRIT_Radio.o [1]
  .text              ro code  0x080043a0    0x300  SPIRIT1.o [1]
  .text              ro code  0x080046a0     0x18  SPIRIT_Types.o [1]
  .text              ro code  0x080046b8    0x398  SPIRIT_Management.o [1]
  .text              ro code  0x08004a50    0x144  SPIRIT_Calibration.o [1]
  .text              ro code  0x08004b94     0x30  I32ToDbl.o [4]
  .text              ro code  0x08004bc4    0x256  DblDiv.o [4]
  .text              ro code  0x08004e1c    0x1a2  DblMul.o [4]
  .text              ro code  0x08004fc0     0x2c  DblToI32.o [4]
  .text              ro code  0x08004fec     0x4c  round.o [4]
  .text              ro code  0x08005038     0xe8  DblAdd.o [4]
  .text              ro code  0x08005120    0x234  stm32l4xx_hal_gpio.o [1]
  .text              ro code  0x08005354     0x30  SPIRIT_Gpio.o [1]
  .text              ro code  0x08005384     0x76  ABImemcpy_unaligned.o [5]
  .text              ro code  0x080053fc    0x21c  SPIRIT_PktBasic.o [1]
  .text              ro code  0x08005618     0xc0  SPIRIT_Qi.o [1]
  .text              ro code  0x080056d8     0xc0  SPIRIT_Irq.o [1]
  .text              ro code  0x08005798    0x278  SPIRIT_Timer.o [1]
  .text              ro code  0x08005a10     0x74  SPIRIT_PktCommon.o [1]
  .text              ro code  0x08005a84     0x20  SPIRIT_Commands.o [1]
  .text              ro code  0x08005aa4     0x7a  xdint.o [4]
  .text              ro code  0x08005b20    0x16c  DblSub.o [4]
  .rodata            const    0x08005c8c    0xe10  modes.o [1]
  .text              ro code  0x08006a9c    0xbca  stm32l4xx_hal_uart.o [1]
  .text              ro code  0x08007668    0x850  stm32l4xx_hal_msp.o [1]
  .text              ro code  0x08007eb8    0x2f6  stm32l4xx_hal_dma.o [1]
  .text              ro code  0x080081b0     0xee  I64DivMod.o [5]
  .text              ro code  0x080082a0    0x972  main.o [1]
  .text              ro code  0x08008c14      0x2  I64DivZer.o [5]
  .text              ro code  0x08008c18    0x20c  Audio.o [1]
  .text              ro code  0x08008e24     0x1a  XiFi.o [1]
  .text              ro code  0x08008e40    0xa78  opus_encoder.o [1]
  .text              ro code  0x080098b8    0x1e0  opus_decoder.o [1]
  .text              ro code  0x08009a98     0x16  stm32l4xx_hal.o [1]
  .text              ro code  0x08009ab0     0x24  test.o [1]
  .text              ro code  0x08009ad4     0x2c  matrix keyboard.o [1]
  .text              ro code  0x08009b00    0x2c2  sta350bw.o [1]
  .text              ro code  0x08009dc4    0x2b4  stm32l4xx_hal_tim.o [1]
  .text              ro code  0x0800a078    0x50e  stm32l4xx_hal_dfsdm.o [1]
  .text              ro code  0x0800a588    0x5ec  stm32l4xx_hal_sai.o [1]
  .text              ro code  0x0800ab74    0x7ac  stm32l4xx_hal_i2c.o [1]
  .text              ro code  0x0800b320     0x64  stm32l4xx_hal_i2c_ex.o [1]
  .text              ro code  0x0800b384     0xc8  stm32l4xx_hal_spi.o [1]
  .text              ro code  0x0800b44c     0x68  stm32l4xx_hal_tim_ex.o [1]
  .text              ro code  0x0800b4b4     0x66  ABImemset.o [5]
  .text              ro code  0x0800b51c    0x120  enc_API.o [1]
  .text              ro code  0x0800b63c    0x390  celt_encoder.o [1]
  .text              ro code  0x0800b9cc     0xa4  lin2log.o [1]
  .text              ro code  0x0800ba70     0x34  analysis.o [1]
  .text              ro code  0x0800baa4     0x5a  dec_API.o [1]
  .text              ro code  0x0800bb00    0x26c  celt_decoder.o [1]
  .text              ro code  0x0800bd6c     0x18  stm32l4xx_hal.o [1]
  .text              ro code  0x0800bd84     0x50  init_encoder.o [1]
  .text              ro code  0x0800bdd4     0x68  modes.o [1]
  .text              ro code  0x0800be3c     0x4c  celt.o [1]
  .text              ro code  0x0800be88     0x68  entcode.o [1]
  .text              ro code  0x0800bef0     0x30  init_decoder.o [1]
  .text              ro code  0x0800bf20     0x90  VAD.o [1]
  .text              ro code  0x0800bfb0     0x4c  CNG.o [1]
  .text              ro code  0x0800bffc     0x32  PLC.o [1]
  .rodata            const    0x0800c030    0x780  modes.o [1]
  .rodata            const    0x0800c7b0    0x3c0  modes.o [1]
  .rodata            const    0x0800cb70    0x1e0  modes.o [1]
  .rodata            const    0x0800cd50    0x188  modes.o [1]
  .rodata            const    0x0800ced8     0xf0  modes.o [1]
  .rodata            const    0x0800cfc8     0xf0  modes.o [1]
  .rodata            const    0x0800d0b8     0xe8  modes.o [1]
  .rodata            const    0x0800d1a0     0xd4  modes.o [1]
  .text              ro code  0x0800d274     0xd4  stm32l4xx_it.o [1]
  .text              ro code  0x0800d348     0x10  stm32l4xx_hal.o [1]
  .rodata            const    0x0800d358     0xb4  SPIRIT_Radio.o [1]
  .rodata            const    0x0800d40c     0xa8  modes.o [1]
  .rodata            const    0x0800d4b4     0x78  modes.o [1]
  .rodata            const    0x0800d52c     0x78  SPIRIT_Radio.o [1]
  .text              ro code  0x0800d5a4     0x6c  system_stm32l4xx.o [1]
  .rodata            const    0x0800d610     0x64  modes.o [1]
  .text              ro code  0x0800d674     0x40  zero_init3.o [5]
  .rodata            const    0x0800d6b4     0x3c  modes.o [1]
  .rodata            const    0x0800d6f0     0x3c  modes.o [1]
  .rodata            const    0x0800d72c     0x3c  modes.o [1]
  .rodata            const    0x0800d768     0x3c  modes.o [1]
  .rodata            const    0x0800d7a4     0x30  system_stm32l4xx.o [1]
  .rodata            const    0x0800d7d4     0x2c  modes.o [1]
  .rodata            const    0x0800d800     0x2c  modes.o [1]
  .text              ro code  0x0800d82c     0x2c  copy_init3.o [5]
  .text              ro code  0x0800d858     0x28  data_init.o [5]
  .text              ro code  0x0800d880     0x22  fpinit_M.o [4]
  .iar.init_table    const    0x0800d8a4     0x24  - Linker created -
  .rodata            const    0x0800d8c8     0x20  SPIRIT_Radio.o [1]
  .rodata            const    0x0800d8e8     0x1c  SPIRIT1.o [1]
  .text              ro code  0x0800d904     0x1a  cmain.o [5]
  .text              ro code  0x0800d91e      0x4  exit.o [3]
  .text              ro code  0x0800d924      0xa  cexit.o [5]
  .rodata            const    0x0800d930     0x10  SPIRIT1.o [1]
  .rodata            const    0x0800d940     0x10  system_stm32l4xx.o [1]
  .text              ro code  0x0800d950     0x10  startup_stm32l476xx.o [1]
  .text              ro code  0x0800d960      0xc  cstartup_M.o [5]
  .rodata            const    0x0800d96c      0x8  SPIRIT1.o [1]
  .rodata            const    0x0800d974      0x8  system_stm32l4xx.o [1]
  .rodata            const    0x0800d97c      0x4  modes.o [1]
  .rodata            const    0x0800d980      0x4  SPIRIT_Management.o [1]
  .rodata            const    0x0800d984      0x4  SPIRIT_Management.o [1]
  .text              ro code  0x0800d988      0x4  startup_stm32l476xx.o [1]
  .rodata            const    0x0800d98c      0x0  zero_init3.o [5]
  .rodata            const    0x0800d98c      0x0  copy_init3.o [5]
  Initializer bytes  const    0x0800d98c     0x28  <for P3 s0>
                            - 0x0800d9b4   0xd82c

"P3", part 1 of 3:                           0x28
  P3 s0                       0x20000000     0x28  <Init block>
    .data            inited   0x20000000     0x20  sta350bw.o [1]
    .data            inited   0x20000020      0x4  system_stm32l4xx.o [1]
    .data            inited   0x20000024      0x1  SPIRIT_Management.o [1]
    .data            inited   0x20000025      0x1  SPIRIT_Radio.o [1]
                            - 0x20000028     0x28

"P3", part 2 of 3:                         0x14cc
  .bss               zero     0x20000028    0x9c8  Audio.o [1]
  .bss               zero     0x200009f0    0x1d8  dlmalloc.o [3]
  .bss               zero     0x20000bc8    0x1a8  XiFi.o [1]
  .bss               zero     0x20000d70     0x84  main.o [1]
  .bss               zero     0x20000df4     0x70  main.o [1]
  .bss               zero     0x20000e64     0x70  main.o [1]
  .bss               zero     0x20000ed4     0x70  matrix keyboard.o [1]
  .bss               zero     0x20000f44     0x64  main.o [1]
  .bss               zero     0x20000fa8     0x60  test.o [1]
  .bss               zero     0x20001008     0x54  main.o [1]
  .bss               zero     0x2000105c     0x54  main.o [1]
  .bss               zero     0x200010b0     0x4c  main.o [1]
  .bss               zero     0x200010fc     0x48  main.o [1]
  .bss               zero     0x20001144     0x48  main.o [1]
  .bss               zero     0x2000118c     0x48  main.o [1]
  .bss               zero     0x200011d4     0x48  main.o [1]
  .bss               zero     0x2000121c     0x48  main.o [1]
  .bss               zero     0x20001264     0x48  main.o [1]
  .bss               zero     0x200012ac     0x48  main.o [1]
  .bss               zero     0x200012f4     0x48  main.o [1]
  .bss               zero     0x2000133c     0x48  main.o [1]
  .bss               zero     0x20001384     0x3c  main.o [1]
  .bss               zero     0x200013c0     0x3c  main.o [1]
  .bss               zero     0x200013fc     0x38  main.o [1]
  .bss               zero     0x20001434     0x38  main.o [1]
  .bss               zero     0x2000146c     0x20  SPIRIT1.o [1]
  .bss               zero     0x2000148c     0x20  stm32l4xx_hal_dfsdm.o [1]
  .bss               zero     0x200014ac     0x18  dlmalloc.o [3]
  .bss               zero     0x200014c4      0x4  main.o [1]
  .bss               zero     0x200014c8      0x4  main.o [1]
  .bss               zero     0x200014cc      0x4  main.o [1]
  .bss               zero     0x200014d0      0x4  SPIRIT_Management.o [1]
  .bss               zero     0x200014d4      0x4  SPIRIT_Radio.o [1]
  .bss               zero     0x200014d8      0x4  SPIRIT_Types.o [1]
  .bss               zero     0x200014dc      0x4  stm32l4xx_hal.o [1]
  .bss               zero     0x200014e0      0x4  stm32l4xx_hal_dfsdm.o [1]
  .bss               zero     0x200014e4      0x4  stm32l4xx_hal_msp.o [1]
  .bss               zero     0x200014e8      0x4  stm32l4xx_hal_msp.o [1]
  .bss               zero     0x200014ec      0x4  stm32l4xx_hal_msp.o [1]
  .bss               zero     0x200014f0      0x4  xgetmemchunk.o [3]
                            - 0x200014f4   0x14cc

"P3", part 3 of 3:                        0x15000
  CSTACK                      0x200014f8   0x2000  <Block>
    CSTACK           uninit   0x200014f8   0x2000  <Block tail>
  HEAP                        0x200034f8  0x13000  <Block>
    HEAP             uninit   0x200034f8  0x13000  <Block tail>
                            - 0x200164f8  0x15000


*******************************************************************************
*** INIT TABLE
***

          Address     Size
          -------     ----
Zero (__iar_zero_init3)
    1 destination range, total size 0x14cc:
          0x20000028  0x14cc

Copy (__iar_copy_init3)
    1 source range, total size 0x28 (105% of destination):
          0x0800d98c    0x28
    1 destination range, total size 0x26:
          0x20000000    0x26



*******************************************************************************
*** MODULE SUMMARY
***

    Module                  ro code  ro data  rw data
    ------                  -------  -------  -------
D:\IAR_Code\Walkie_Talkie\EWARM\Walkie_Talkie\Obj: [1]
    Audio.o                     524             2 504
    CNG.o                        76
    PLC.o                        50
    SPIRIT1.o                   768       52       32
    SPIRIT_Calibration.o        324
    SPIRIT_Commands.o            32
    SPIRIT_Gpio.o                48
    SPIRIT_Irq.o                192
    SPIRIT_Management.o         920        9        5
    SPIRIT_PktBasic.o           540
    SPIRIT_PktCommon.o          116
    SPIRIT_Qi.o                 192
    SPIRIT_Radio.o            3 856      333        5
    SPIRIT_Timer.o              632
    SPIRIT_Types.o               24                 4
    VAD.o                       144
    XiFi.o                       26               424
    analysis.o                   52
    celt.o                       76
    celt_decoder.o              620
    celt_encoder.o              912
    dec_API.o                    90
    enc_API.o                   288
    entcode.o                   104
    init_decoder.o               48
    init_encoder.o               80
    lin2log.o                   164
    main.o                    2 418             1 592
    matrix keyboard.o            44               112
    modes.o                     104    8 996
    opus_decoder.o              480
    opus_encoder.o            2 680
    sta350bw.o                  706       32       32
    startup_stm32l476xx.o       412
    stm32l4xx_hal.o             114                 4
    stm32l4xx_hal_cortex.o      356
    stm32l4xx_hal_dfsdm.o     1 294                36
    stm32l4xx_hal_dma.o         758
    stm32l4xx_hal_gpio.o        564
    stm32l4xx_hal_i2c.o       1 964
    stm32l4xx_hal_i2c_ex.o      100
    stm32l4xx_hal_msp.o       2 128                12
    stm32l4xx_hal_pwr_ex.o      168
    stm32l4xx_hal_rcc.o       2 732
    stm32l4xx_hal_rcc_ex.o    4 320
    stm32l4xx_hal_sai.o       1 516
    stm32l4xx_hal_spi.o         200
    stm32l4xx_hal_tim.o         692
    stm32l4xx_hal_tim_ex.o      104
    stm32l4xx_hal_uart.o      3 018
    stm32l4xx_it.o              212
    system_stm32l4xx.o          108       76        4
    test.o                       36                96
    -------------------------------------------------
    Total:                   38 126    9 498    4 862

command line: [2]
    -------------------------------------------------
    Total:

dl7M_tlf.a: [3]
    abort.o                       6
    dlmalloc.o                5 364               496
    exit.o                        4
    xgetmemchunk.o               44                 4
    -------------------------------------------------
    Total:                    5 418               500

m7M_tls.a: [4]
    DblAdd.o                    232
    DblDiv.o                    598
    DblMul.o                    418
    DblSub.o                    364
    DblToI32.o                   44
    I32ToDbl.o                   48
    fpinit_M.o                   34
    round.o                      76
    xdint.o                     122
    -------------------------------------------------
    Total:                    1 936

rt7M_tl.a: [5]
    ABImemcpy_unaligned.o       118
    ABImemset.o                 102
    I64DivMod.o                 238
    I64DivZer.o                   2
    cexit.o                      10
    cmain.o                      26
    copy_init3.o                 44
    cstartup_M.o                 12
    data_init.o                  40
    zero_init3.o                 64
    -------------------------------------------------
    Total:                      656

shb_l.a: [6]
    exit.o                       20
    -------------------------------------------------
    Total:                       20

    Gaps                         34        6
    Linker created                        38   86 016
-----------------------------------------------------
    Grand Total:             46 190    9 542   91 378


*******************************************************************************
*** ENTRY LIST
***

Entry                      Address   Size  Type      Object
-----                      -------   ----  ----      ------
.iar.init_table$$Base   0x0800d8a4          --   Gb  - Linker created -
.iar.init_table$$Limit  0x0800d8c8          --   Gb  - Linker created -
?main                   0x0800d905         Code  Gb  cmain.o [5]
AHBPrescTable           0x0800d940   0x10  Data  Gb  system_stm32l4xx.o [1]
APBPrescTable           0x0800d974    0x8  Data  Gb  system_stm32l4xx.o [1]
Audio                   0x20000028  0x9c8  Data  Gb  Audio.o [1]
Audio_Init              0x08008c19   0x30  Code  Gb  Audio.o [1]
Audio_Receive_Decode    0x08008c49  0x192  Code  Gb  Audio.o [1]
BusFault_Handler        0x0800d27b    0x2  Code  Gb  stm32l4xx_it.o [1]
CSTACK$$Base            0x200014f8          --   Gb  - Linker created -
CSTACK$$Limit           0x200034f8          --   Gb  - Linker created -
Com                     0x20000bc8  0x1a8  Data  Gb  XiFi.o [1]
Com_Init                0x08008e25   0x1a  Code  Gb  XiFi.o [1]
DFSDM1_Init             0x200014e8    0x4  Data  Lc  stm32l4xx_hal_msp.o [1]
DFSDM_DMAError          0x0800a46d   0x12  Code  Lc  stm32l4xx_hal_dfsdm.o [1]
DFSDM_DMARegularConvCplt
                        0x0800a45d    0xe  Code  Lc  stm32l4xx_hal_dfsdm.o [1]
DFSDM_DMARegularHalfConvCplt
                        0x0800a44d    0xe  Code  Lc  stm32l4xx_hal_dfsdm.o [1]
DFSDM_GetChannelFromInstance
                        0x0800a47f   0x64  Code  Lc  stm32l4xx_hal_dfsdm.o [1]
DFSDM_RegConvStart      0x0800a511   0x76  Code  Lc  stm32l4xx_hal_dfsdm.o [1]
DMA1_Channel2_IRQHandler
                        0x0800d291    0xa  Code  Gb  stm32l4xx_it.o [1]
DMA1_Channel3_IRQHandler
                        0x0800d29b    0xa  Code  Gb  stm32l4xx_it.o [1]
DMA1_Channel4_IRQHandler
                        0x0800d2a5    0xa  Code  Gb  stm32l4xx_it.o [1]
DMA1_Channel5_IRQHandler
                        0x0800d2af    0xa  Code  Gb  stm32l4xx_it.o [1]
DMA1_Channel6_IRQHandler
                        0x0800d2b9    0xa  Code  Gb  stm32l4xx_it.o [1]
DMA2_Channel3_IRQHandler
                        0x0800d2eb    0xa  Code  Gb  stm32l4xx_it.o [1]
DMA2_Channel4_IRQHandler
                        0x0800d2f5    0xa  Code  Gb  stm32l4xx_it.o [1]
DMA2_Channel6_IRQHandler
                        0x0800d2ff    0xa  Code  Gb  stm32l4xx_it.o [1]
DMA2_Channel7_IRQHandler
                        0x0800d309    0xa  Code  Gb  stm32l4xx_it.o [1]
DMA_SetConfig           0x08008183   0x2c  Code  Lc  stm32l4xx_hal_dma.o [1]
DebugMon_Handler        0x0800d281    0x2  Code  Gb  stm32l4xx_it.o [1]
Dec                     0x200014c8    0x4  Data  Gb  main.o [1]
Enc                     0x200014c4    0x4  Data  Gb  main.o [1]
Error_Handler           0x08008c11    0x2  Code  Gb  main.o [1]
Flag_DFSDM_Int          0x200014cc    0x4  Data  Gb  main.o [1]
HAL_DFSDM_ChannelInit   0x0800a079  0x162  Code  Gb  stm32l4xx_hal_dfsdm.o [1]
HAL_DFSDM_ChannelMspInit
                        0x0800789d   0x96  Code  Gb  stm32l4xx_hal_msp.o [1]
HAL_DFSDM_FilterConfigRegChannel
                        0x0800a31d   0x5c  Code  Gb  stm32l4xx_hal_dfsdm.o [1]
HAL_DFSDM_FilterInit    0x0800a1db  0x142  Code  Gb  stm32l4xx_hal_dfsdm.o [1]
HAL_DFSDM_FilterMspInit
                        0x08007703  0x19a  Code  Gb  stm32l4xx_hal_msp.o [1]
HAL_DFSDM_FilterRegConvCpltCallback
                        0x08008df5   0x1a  Code  Gb  Audio.o [1]
HAL_DFSDM_FilterRegConvHalfCpltCallback
                        0x08008ddb   0x1a  Code  Gb  Audio.o [1]
HAL_DFSDM_FilterRegularStart_DMA
                        0x0800a385   0xc4  Code  Gb  stm32l4xx_hal_dfsdm.o [1]
HAL_DMA_Abort_IT        0x0800805d   0x58  Code  Gb  stm32l4xx_hal_dma.o [1]
HAL_DMA_IRQHandler      0x080080b5   0xce  Code  Gb  stm32l4xx_hal_dma.o [1]
HAL_DMA_Init            0x08007eb9   0xee  Code  Gb  stm32l4xx_hal_dma.o [1]
HAL_DMA_Start_IT        0x08007fc5   0x98  Code  Gb  stm32l4xx_hal_dma.o [1]
HAL_Delay               0x0800bd6d   0x18  Code  Wk  stm32l4xx_hal.o [1]
HAL_GPIO_Init           0x08005121  0x1f2  Code  Gb  stm32l4xx_hal_gpio.o [1]
HAL_GPIO_WritePin       0x08005313   0x12  Code  Gb  stm32l4xx_hal_gpio.o [1]
HAL_GetTick             0x080027a5    0xc  Code  Wk  stm32l4xx_hal.o [1]
HAL_I2CEx_ConfigAnalogFilter
                        0x0800b321   0x64  Code  Gb  stm32l4xx_hal_i2c_ex.o [1]
HAL_I2C_Init            0x0800ab75   0xcc  Code  Gb  stm32l4xx_hal_i2c.o [1]
HAL_I2C_Mem_Read        0x0800ae21  0x1dc  Code  Gb  stm32l4xx_hal_i2c.o [1]
HAL_I2C_Mem_Write       0x0800ac41  0x1da  Code  Gb  stm32l4xx_hal_i2c.o [1]
HAL_I2C_MspInit         0x08007933   0x52  Code  Gb  stm32l4xx_hal_msp.o [1]
HAL_IncTick             0x0800d349   0x10  Code  Wk  stm32l4xx_hal.o [1]
HAL_Init                0x08009a99   0x16  Code  Gb  stm32l4xx_hal.o [1]
HAL_InitTick            0x0800325d   0x28  Code  Wk  stm32l4xx_hal.o [1]
HAL_MspInit             0x08007669   0x9a  Code  Gb  stm32l4xx_hal_msp.o [1]
HAL_NVIC_EnableIRQ      0x0800342f    0xe  Code  Gb  stm32l4xx_hal_cortex.o [1]
HAL_NVIC_SetPriority    0x08003409   0x26  Code  Gb  stm32l4xx_hal_cortex.o [1]
HAL_NVIC_SetPriorityGrouping
                        0x080033fd    0xc  Code  Gb  stm32l4xx_hal_cortex.o [1]
HAL_PWREx_ControlVoltageScaling
                        0x08003291   0x8a  Code  Gb  stm32l4xx_hal_pwr_ex.o [1]
HAL_PWREx_GetVoltageRange
                        0x08003285    0xc  Code  Gb  stm32l4xx_hal_pwr_ex.o [1]
HAL_RCCEx_GetPeriphCLKFreq
                        0x08001b49  0x8ba  Code  Gb  stm32l4xx_hal_rcc_ex.o [1]
HAL_RCCEx_PeriphCLKConfig
                        0x080016c5  0x470  Code  Gb  stm32l4xx_hal_rcc_ex.o [1]
HAL_RCC_ClockConfig     0x08002df9  0x1e6  Code  Gb  stm32l4xx_hal_rcc.o [1]
HAL_RCC_DFSDM1_CLK_ENABLED
                        0x200014e4    0x4  Data  Lc  stm32l4xx_hal_msp.o [1]
HAL_RCC_GetHCLKFreq     0x0800313b    0x6  Code  Gb  stm32l4xx_hal_rcc.o [1]
HAL_RCC_GetPCLK1Freq    0x08003141   0x20  Code  Gb  stm32l4xx_hal_rcc.o [1]
HAL_RCC_GetPCLK2Freq    0x08003161   0x20  Code  Gb  stm32l4xx_hal_rcc.o [1]
HAL_RCC_GetSysClockFreq
                        0x08002fdf  0x15c  Code  Gb  stm32l4xx_hal_rcc.o [1]
HAL_RCC_OscConfig       0x080027b1  0x648  Code  Gb  stm32l4xx_hal_rcc.o [1]
HAL_SAI_Init            0x0800a5e7  0x202  Code  Gb  stm32l4xx_hal_sai.o [1]
HAL_SAI_InitProtocol    0x0800a589   0x5e  Code  Gb  stm32l4xx_hal_sai.o [1]
HAL_SAI_MspInit         0x08007d61   0xd0  Code  Gb  stm32l4xx_hal_msp.o [1]
HAL_SAI_Transmit_DMA    0x0800a80d   0xc4  Code  Gb  stm32l4xx_hal_sai.o [1]
HAL_SPI_Init            0x0800b385   0xc8  Code  Gb  stm32l4xx_hal_spi.o [1]
HAL_SPI_MspInit         0x08007985  0x13e  Code  Gb  stm32l4xx_hal_msp.o [1]
HAL_SYSTICK_CLKSourceConfig
                        0x08003449   0x20  Code  Gb  stm32l4xx_hal_cortex.o [1]
HAL_SYSTICK_Config      0x0800343d    0xc  Code  Gb  stm32l4xx_hal_cortex.o [1]
HAL_SYSTICK_IRQHandler  0x08003469    0x8  Code  Gb  stm32l4xx_hal_cortex.o [1]
HAL_TIMEx_MasterConfigSynchronization
                        0x0800b44d   0x5e  Code  Gb  stm32l4xx_hal_tim_ex.o [1]
HAL_TIM_Base_Init       0x08009dc5   0x38  Code  Gb  stm32l4xx_hal_tim.o [1]
HAL_TIM_Base_MspInit    0x08007ac3   0x7a  Code  Gb  stm32l4xx_hal_msp.o [1]
HAL_TIM_Base_Start_IT   0x08009dfd   0x1e  Code  Gb  stm32l4xx_hal_tim.o [1]
HAL_TIM_IRQHandler      0x08009e1b  0x176  Code  Gb  stm32l4xx_hal_tim.o [1]
HAL_TIM_PeriodElapsedCallback
                        0x08008b39   0x12  Code  Gb  main.o [1]
HAL_UART_IRQHandler     0x08006c51  0x17c  Code  Gb  stm32l4xx_hal_uart.o [1]
HAL_UART_Init           0x08006a9d   0x7e  Code  Gb  stm32l4xx_hal_uart.o [1]
HAL_UART_MspInit        0x08007b3d  0x224  Code  Gb  stm32l4xx_hal_msp.o [1]
HAL_UART_Receive_DMA    0x08006baf   0xa2  Code  Gb  stm32l4xx_hal_uart.o [1]
HAL_UART_RxCpltCallback
                        0x08008b4b   0x1c  Code  Gb  main.o [1]
HAL_UART_Transmit_DMA   0x08006b1b   0x94  Code  Gb  stm32l4xx_hal_uart.o [1]
HEAP$$Base              0x200034f8          --   Gb  - Linker created -
HEAP$$Limit             0x200164f8          --   Gb  - Linker created -
HardFault_Handler       0x0800d277    0x2  Code  Gb  stm32l4xx_it.o [1]
I2C_Flush_TXDR          0x0800b14b   0x24  Code  Lc  stm32l4xx_hal_i2c.o [1]
I2C_IsAcknowledgeFailed
                        0x0800b271   0x7e  Code  Lc  stm32l4xx_hal_i2c.o [1]
I2C_RequestMemoryRead   0x0800b0a7   0xa4  Code  Lc  stm32l4xx_hal_i2c.o [1]
I2C_RequestMemoryWrite  0x0800b001   0xa6  Code  Lc  stm32l4xx_hal_i2c.o [1]
I2C_TransferConfig      0x0800b2ef   0x2a  Code  Lc  stm32l4xx_hal_i2c.o [1]
I2C_WaitOnFlagUntilTimeout
                        0x0800b16f   0x58  Code  Lc  stm32l4xx_hal_i2c.o [1]
I2C_WaitOnSTOPFlagUntilTimeout
                        0x0800b21f   0x52  Code  Lc  stm32l4xx_hal_i2c.o [1]
I2C_WaitOnTXISFlagUntilTimeout
                        0x0800b1c7   0x58  Code  Lc  stm32l4xx_hal_i2c.o [1]
MSIRangeTable           0x0800d7a4   0x30  Data  Gb  system_stm32l4xx.o [1]
MX_DFSDM1_Init          0x080084c5  0x1c2  Code  Lc  main.o [1]
MX_DMA_Init             0x08008933   0xc4  Code  Lc  main.o [1]
MX_GPIO_Init            0x080089f7  0x142  Code  Lc  main.o [1]
MX_I2C1_Init            0x08008687   0x72  Code  Lc  main.o [1]
MX_SAI2_Init            0x080086f9   0x76  Code  Lc  main.o [1]
MX_SPI1_Init            0x0800876f   0x8c  Code  Lc  main.o [1]
MX_TIM6_Init            0x080087fb   0x52  Code  Lc  main.o [1]
MX_TIM7_Init            0x0800884d   0x46  Code  Lc  main.o [1]
MX_USART1_UART_Init     0x08008893   0x50  Code  Lc  main.o [1]
MX_USART3_UART_Init     0x080088e3   0x50  Code  Lc  main.o [1]
MemManage_Handler       0x0800d279    0x2  Code  Gb  stm32l4xx_it.o [1]
NMI_Handler             0x0800d275    0x2  Code  Gb  stm32l4xx_it.o [1]
NVIC_EnableIRQ          0x08003355   0x14  Code  Lc  stm32l4xx_hal_cortex.o [1]
NVIC_EncodePriority     0x0800338f   0x3e  Code  Lc  stm32l4xx_hal_cortex.o [1]
NVIC_GetPriorityGrouping
                        0x0800334b    0xa  Code  Lc  stm32l4xx_hal_cortex.o [1]
NVIC_SetPriority        0x08003369   0x26  Code  Lc  stm32l4xx_hal_cortex.o [1]
NVIC_SetPriorityGrouping
                        0x0800332d   0x1e  Code  Lc  stm32l4xx_hal_cortex.o [1]
PendSV_Handler          0x0800d283    0x2  Code  Gb  stm32l4xx_it.o [1]
RCCEx_PLLSAI1_Config    0x08002435  0x1c8  Code  Lc  stm32l4xx_hal_rcc_ex.o [1]
RCCEx_PLLSAI2_Config    0x080025fd  0x18a  Code  Lc  stm32l4xx_hal_rcc_ex.o [1]
RCC_SetFlashLatencyFromMSIRange
                        0x0800318d   0x9c  Code  Lc  stm32l4xx_hal_rcc.o [1]
Region$$Table$$Base     0x0800d8a4          --   Gb  - Linker created -
Region$$Table$$Limit    0x0800d8c8          --   Gb  - Linker created -
SAI2_client             0x200014ec    0x4  Data  Lc  stm32l4xx_hal_msp.o [1]
SAI_DMAError            0x0800ab3d   0x38  Code  Lc  stm32l4xx_hal_sai.o [1]
SAI_DMATxCplt           0x0800aae9   0x42  Code  Lc  stm32l4xx_hal_sai.o [1]
SAI_DMATxHalfCplt       0x0800ab2d    0xe  Code  Lc  stm32l4xx_hal_sai.o [1]
SAI_Disable             0x0800aaa5   0x40  Code  Lc  stm32l4xx_hal_sai.o [1]
SAI_InitI2S             0x0800a8d1   0xf0  Code  Lc  stm32l4xx_hal_sai.o [1]
SAI_InitPCM             0x0800a9c1   0xaa  Code  Lc  stm32l4xx_hal_sai.o [1]
SAI_InterruptFlag       0x0800aa6b   0x3a  Code  Lc  stm32l4xx_hal_sai.o [1]
SPIRIT1_Basic_Init      0x080043ad  0x13c  Code  Gb  SPIRIT1.o [1]
SPIRIT1_Dealy           0x080043a1    0xa  Code  Gb  SPIRIT1.o [1]
SPI_Send_Receive_Byte   0x08004625   0x1e  Code  Gb  SPIRIT1.o [1]
STA350BW_GPIO_I2S_Init  0x08009c69   0x5e  Code  Gb  sta350bw.o [1]
STA350BW_I2C_Delay      0x08009db5    0xe  Code  Gb  sta350bw.o [1]
STA350BW_I2C_Drv        0x20000000   0x20  Data  Gb  sta350bw.o [1]
STA350BW_I2C_Read       0x08009d33   0x36  Code  Gb  sta350bw.o [1]
STA350BW_I2C_ReadMulti  0x08009cc7   0x36  Code  Gb  sta350bw.o [1]
STA350BW_I2C_Write      0x08009d69   0x3a  Code  Gb  sta350bw.o [1]
STA350BW_I2C_WriteMulti
                        0x08009cfd   0x36  Code  Gb  sta350bw.o [1]
STA350BW_Init           0x08009b01   0xb0  Code  Gb  sta350bw.o [1]
STA350BW_SetFrequency   0x08009bdd   0x8c  Code  Gb  sta350bw.o [1]
STA350BW_SetVolume      0x08009bb1   0x2c  Code  Gb  sta350bw.o [1]
SVC_Handler             0x0800d27f    0x2  Code  Gb  stm32l4xx_it.o [1]
Send_Byte_Buffer        0x20000fa8   0x60  Data  Gb  test.o [1]
Spirit1                 0x2000146c   0x20  Data  Gb  SPIRIT1.o [1]
SpiritCalibrationGetVcoCalData
                        0x08004a9f   0x22  Code  Gb  SPIRIT_Calibration.o [1]
SpiritCalibrationSelectVco
                        0x08004b4d   0x48  Code  Gb  SPIRIT_Calibration.o [1]
SpiritCalibrationSetVcoCalDataRx
                        0x08004b05   0x44  Code  Gb  SPIRIT_Calibration.o [1]
SpiritCalibrationSetVcoCalDataTx
                        0x08004ac1   0x44  Code  Gb  SPIRIT_Calibration.o [1]
SpiritCalibrationVco    0x08004a51   0x4e  Code  Gb  SPIRIT_Calibration.o [1]
SpiritCmdStrobeCommand  0x08005a85   0x20  Code  Gb  SPIRIT_Commands.o [1]
SpiritEnterShutdown     0x08004643   0x12  Code  Gb  SPIRIT1.o [1]
SpiritExitShutdown      0x08004655   0x12  Code  Gb  SPIRIT1.o [1]
SpiritGpioInit          0x08005355   0x2a  Code  Gb  SPIRIT_Gpio.o [1]
SpiritIrq               0x08005701   0x7a  Code  Gb  SPIRIT_Irq.o [1]
SpiritIrqClearStatus    0x0800577b   0x1a  Code  Gb  SPIRIT_Irq.o [1]
SpiritIrqDeInit         0x080056d9   0x28  Code  Gb  SPIRIT_Irq.o [1]
SpiritManagementSetFrequencyBase
                        0x080046b9  0x19a  Code  Gb  SPIRIT_Management.o [1]
SpiritManagementWaCmdStrobeRx
                        0x080049d5   0x28  Code  Gb  SPIRIT_Management.o [1]
SpiritManagementWaTRxFcMem
                        0x080049fd    0xc  Code  Gb  SPIRIT_Management.o [1]
SpiritManagementWaVcoCalibration
                        0x08004853  0x182  Code  Gb  SPIRIT_Management.o [1]
SpiritPktBasicAddressesInit
                        0x0800555d   0xb6  Code  Gb  SPIRIT_PktBasic.o [1]
SpiritPktBasicInit      0x080053fd  0x160  Code  Gb  SPIRIT_PktBasic.o [1]
SpiritPktCommonFilterOnCrc
                        0x08005a11   0x52  Code  Gb  SPIRIT_PktCommon.o [1]
SpiritPktCommonSetDestinationAddress
                        0x08005a63   0x1c  Code  Gb  SPIRIT_PktCommon.o [1]
SpiritQiSetRssiThresholddBm
                        0x080056af   0x26  Code  Gb  SPIRIT_Qi.o [1]
SpiritQiSetSqiThreshold
                        0x0800566b   0x44  Code  Gb  SPIRIT_Qi.o [1]
SpiritQiSqiCheck        0x08005619   0x52  Code  Gb  SPIRIT_Qi.o [1]
SpiritRadioAFCFreezeOnSync
                        0x0800422d   0x4c  Code  Gb  SPIRIT_Radio.o [1]
SpiritRadioGetBand      0x0800391d   0x4e  Code  Gb  SPIRIT_Radio.o [1]
SpiritRadioGetChannel   0x0800396b   0x20  Code  Gb  SPIRIT_Radio.o [1]
SpiritRadioGetChannelSpace
                        0x0800398b   0x2a  Code  Gb  SPIRIT_Radio.o [1]
SpiritRadioGetDigDiv    0x0800435b   0x2e  Code  Gb  SPIRIT_Radio.o [1]
SpiritRadioGetFrequencyBase
                        0x08003bb5   0x6c  Code  Gb  SPIRIT_Radio.o [1]
SpiritRadioGetFrequencyOffset
                        0x080039b7   0x4c  Code  Gb  SPIRIT_Radio.o [1]
SpiritRadioGetRefDiv    0x080042e9   0x2e  Code  Gb  SPIRIT_Radio.o [1]
SpiritRadioGetSynthWord
                        0x080038df   0x3e  Code  Gb  SPIRIT_Radio.o [1]
SpiritRadioGetXtalFrequency
                        0x08004389    0x6  Code  Gb  SPIRIT_Radio.o [1]
SpiritRadioGetdBm2Reg   0x08003fb1  0x1a0  Code  Gb  SPIRIT_Radio.o [1]
SpiritRadioInit         0x08003491  0x334  Code  Gb  SPIRIT_Radio.o [1]
SpiritRadioSearchChannelBwME
                        0x08003d51  0x130  Code  Gb  SPIRIT_Radio.o [1]
SpiritRadioSearchDatarateME
                        0x08003c25  0x122  Code  Gb  SPIRIT_Radio.o [1]
SpiritRadioSearchFreqDevME
                        0x08003e89   0xe6  Code  Gb  SPIRIT_Radio.o [1]
SpiritRadioSearchWCP    0x08003831   0xae  Code  Gb  SPIRIT_Radio.o [1]
SpiritRadioSetDigDiv    0x08004317   0x44  Code  Gb  SPIRIT_Radio.o [1]
SpiritRadioSetFrequencyBase
                        0x08003a03  0x1b2  Code  Gb  SPIRIT_Radio.o [1]
SpiritRadioSetPACwc     0x080041b1   0x3c  Code  Gb  SPIRIT_Radio.o [1]
SpiritRadioSetPALevelMaxIndex
                        0x080041ed   0x3c  Code  Gb  SPIRIT_Radio.o [1]
SpiritRadioSetPALeveldBm
                        0x08004151   0x44  Code  Gb  SPIRIT_Radio.o [1]
SpiritRadioSetRefDiv    0x080042a5   0x44  Code  Gb  SPIRIT_Radio.o [1]
SpiritRadioSetXtalFlag  0x080037d9   0x58  Code  Gb  SPIRIT_Radio.o [1]
SpiritRadioSetXtalFrequency
                        0x0800438f    0x6  Code  Gb  SPIRIT_Radio.o [1]
SpiritRefreshStatus     0x080046a1   0x18  Code  Gb  SPIRIT_Types.o [1]
SpiritSpiCommandStrobes
                        0x080045d7   0x4e  Code  Gb  SPIRIT1.o [1]
SpiritSpiReadRegisters  0x0800455f   0x78  Code  Gb  SPIRIT1.o [1]
SpiritSpiWriteRegisters
                        0x080044e9   0x76  Code  Gb  SPIRIT1.o [1]
SpiritTimerComputeRxTimeoutValues
                        0x080057d1  0x1d0  Code  Gb  SPIRIT_Timer.o [1]
SpiritTimerSetRxTimeoutMs
                        0x08005799   0x38  Code  Gb  SPIRIT_Timer.o [1]
SpiritTimerSetRxTimeoutStopCondition
                        0x080059a1   0x62  Code  Gb  SPIRIT_Timer.o [1]
SysTick_Config          0x080033cd   0x30  Code  Lc  stm32l4xx_hal_cortex.o [1]
SysTick_Handler         0x0800d285    0xc  Code  Gb  stm32l4xx_it.o [1]
SystemClock_Config      0x080083e9   0xdc  Code  Gb  main.o [1]
SystemCoreClock         0x20000020    0x4  Data  Gb  system_stm32l4xx.o [1]
SystemInit              0x0800d5a5   0x4e  Code  Gb  system_stm32l4xx.o [1]
TIM6_DAC_IRQHandler     0x0800d2d7    0xa  Code  Gb  stm32l4xx_it.o [1]
TIM7_IRQHandler         0x0800d2e1    0xa  Code  Gb  stm32l4xx_it.o [1]
TIM_Base_SetConfig      0x08009f91   0xc6  Code  Gb  stm32l4xx_hal_tim.o [1]
Test_Init               0x08009ab1   0x1c  Code  Gb  test.o [1]
UART_AdvFeatureConfig   0x08007259   0xda  Code  Gb  stm32l4xx_hal_uart.o [1]
UART_CheckIdleState     0x08007333   0x6e  Code  Gb  stm32l4xx_hal_uart.o [1]
UART_DMAAbortOnError    0x0800752d   0x1a  Code  Lc  stm32l4xx_hal_uart.o [1]
UART_DMAError           0x080074dd   0x4e  Code  Lc  stm32l4xx_hal_uart.o [1]
UART_DMAReceiveCplt     0x08007489   0x46  Code  Lc  stm32l4xx_hal_uart.o [1]
UART_DMARxHalfCplt      0x080074cf    0xe  Code  Lc  stm32l4xx_hal_uart.o [1]
UART_DMATransmitCplt    0x08007445   0x36  Code  Lc  stm32l4xx_hal_uart.o [1]
UART_DMATxHalfCplt      0x0800747b    0xe  Code  Lc  stm32l4xx_hal_uart.o [1]
UART_EndRxTransfer      0x08007425   0x20  Code  Lc  stm32l4xx_hal_uart.o [1]
UART_EndTransmit_IT     0x080075b9   0x20  Code  Lc  stm32l4xx_hal_uart.o [1]
UART_EndTxTransfer      0x08007411   0x14  Code  Lc  stm32l4xx_hal_uart.o [1]
UART_Receive_IT         0x080075d9   0x8e  Code  Lc  stm32l4xx_hal_uart.o [1]
UART_SetConfig          0x08006dcd  0x44e  Code  Gb  stm32l4xx_hal_uart.o [1]
UART_Transmit_IT        0x08007549   0x70  Code  Lc  stm32l4xx_hal_uart.o [1]
UART_WaitOnFlagUntilTimeout
                        0x080073a1   0x70  Code  Gb  stm32l4xx_hal_uart.o [1]
USART1_IRQHandler       0x0800d2c3    0xa  Code  Gb  stm32l4xx_it.o [1]
USART3_IRQHandler       0x0800d2cd    0xa  Code  Gb  stm32l4xx_it.o [1]
UsageFault_Handler      0x0800d27d    0x2  Code  Gb  stm32l4xx_it.o [1]
__aeabi_d2uiz           0x08004fc1         Code  Gb  DblToI32.o [4]
__aeabi_dadd            0x08005039         Code  Gb  DblAdd.o [4]
__aeabi_ddiv            0x08004bc5         Code  Gb  DblDiv.o [4]
__aeabi_dmul            0x08004e1d         Code  Gb  DblMul.o [4]
__aeabi_i2d             0x08004b95         Code  Gb  I32ToDbl.o [4]
__aeabi_ldiv0           0x08008c15         Code  Gb  I64DivZer.o [5]
__aeabi_memset          0x0800b4b5         Code  Gb  ABImemset.o [5]
__aeabi_ui2d            0x08004ba9         Code  Gb  I32ToDbl.o [4]
__aeabi_uldivmod        0x080081b1         Code  Gb  I64DivMod.o [5]
__cmain                 0x0800d905         Code  Gb  cmain.o [5]
__data_GetMemChunk      0x08001685   0x2c  Code  Gb  xgetmemchunk.o [3]
__data_GetMemChunk::start
                        0x200014f0    0x4  Data  Lc  xgetmemchunk.o [3]
__exit                  0x080016b1   0x14  Code  Gb  exit.o [6]
__iar_Dint              0x08005aa5   0x7a  Code  Gb  xdint.o [4]
__iar_Memset            0x0800b4b5         Code  Gb  ABImemset.o [5]
__iar_Memset_word       0x0800b4bd         Code  Gb  ABImemset.o [5]
__iar_copy_init3        0x0800d82d   0x2c  Code  Gb  copy_init3.o [5]
__iar_d2uiz             0x08004fcd         Code  Gb  DblToI32.o [4]
__iar_dadd              0x0800504d         Code  Gb  DblAdd.o [4]
__iar_data_init3        0x0800d859   0x28  Code  Gb  data_init.o [5]
__iar_dlfree            0x0800115b  0x51a  Code  Gb  dlmalloc.o [3]
__iar_dlmalloc          0x08000ea5  0x2aa  Code  Gb  dlmalloc.o [3]
__iar_dsub              0x08005b21         Code  Gb  DblSub.o [4]
__iar_dsubStart         0x08005b33         Code  Gb  DblSub.o [4]
__iar_init_vfp          0x0800d881         Code  Gb  fpinit_M.o [4]
__iar_program_start     0x0800d961         Code  Gb  cstartup_M.o [5]
__iar_ui2d              0x08004bad         Code  Gb  I32ToDbl.o [4]
__iar_unaligned___aeabi_memcpy
                        0x08005385         Code  Gb  ABImemcpy_unaligned.o [5]
__iar_unaligned___aeabi_memcpy4
                        0x080053a5         Code  Gb  ABImemcpy_unaligned.o [5]
__iar_unaligned___aeabi_memcpy8
                        0x080053a5         Code  Gb  ABImemcpy_unaligned.o [5]
__iar_vfp_round         0x08004fed   0x42  Code  Gb  round.o [4]
__iar_zero_init3        0x0800d675   0x40  Code  Gb  zero_init3.o [5]
__vector_table          0x08000000         Data  Gb  startup_stm32l476xx.o [1]
_call_main              0x0800d911         Code  Gb  cmain.o [5]
_exit                   0x0800d925         Code  Gb  cexit.o [5]
_gm_                    0x200009f0  0x1d8  Data  Lc  dlmalloc.o [3]
_main                   0x0800d91b         Code  Gb  cmain.o [5]
a_dfsdm1ChannelHandle   0x2000148c   0x20  Data  Gb  stm32l4xx_hal_dfsdm.o [1]
abort                   0x0800167d    0x6  Code  Gb  abort.o [3]
align                   0x080098bd    0xe  Code  Lc  opus_decoder.o [1]
align                   0x08008e45    0xe  Code  Lc  opus_encoder.o [1]
band_allocation         0x0800d0b8   0xe8  Data  Lc  modes.o [1]
cache_bits50            0x0800cd50  0x188  Data  Lc  modes.o [1]
cache_caps50            0x0800d40c   0xa8  Data  Lc  modes.o [1]
cache_index50           0x0800d1a0   0xd4  Data  Lc  modes.o [1]
celt_decoder_get_size   0x0800bb05   0x1e  Code  Gb  celt_decoder.o [1]
celt_decoder_init       0x0800bb41   0x42  Code  Gb  celt_decoder.o [1]
celt_encoder_get_size   0x0800b63d   0x1e  Code  Gb  celt_encoder.o [1]
celt_encoder_init       0x0800b70b   0x40  Code  Gb  celt_encoder.o [1]
eband5ms                0x0800d7d4   0x2c  Data  Lc  modes.o [1]
ec_ilog                 0x0800be89   0x68  Code  Gb  entcode.o [1]
exit                    0x0800d91f    0x4  Code  Gb  exit.o [3]
fPowerFactors           0x0800d52c   0x78  Data  Lc  SPIRIT_Radio.o [1]
fft_bitrev120           0x0800cfc8   0xf0  Data  Lc  modes.o [1]
fft_bitrev240           0x0800cb70  0x1e0  Data  Lc  modes.o [1]
fft_bitrev480           0x0800c7b0  0x3c0  Data  Lc  modes.o [1]
fft_bitrev60            0x0800d4b4   0x78  Data  Lc  modes.o [1]
fft_state48000_960_0    0x0800d6b4   0x3c  Data  Lc  modes.o [1]
fft_state48000_960_1    0x0800d6f0   0x3c  Data  Lc  modes.o [1]
fft_state48000_960_2    0x0800d72c   0x3c  Data  Lc  modes.o [1]
fft_state48000_960_3    0x0800d768   0x3c  Data  Lc  modes.o [1]
fft_twiddles48000_960   0x0800c030  0x780  Data  Lc  modes.o [1]
g_xStatus               0x200014d8    0x4  Data  Gb  SPIRIT_Types.o [1]
hdfsdm1_channel6        0x200013fc   0x38  Data  Gb  main.o [1]
hdfsdm1_channel7        0x20001434   0x38  Data  Gb  main.o [1]
hdfsdm1_filter0         0x20001008   0x54  Data  Gb  main.o [1]
hdfsdm1_filter1         0x2000105c   0x54  Data  Gb  main.o [1]
hdma_dfsdm1_flt0        0x200010fc   0x48  Data  Gb  main.o [1]
hdma_dfsdm1_flt1        0x20001144   0x48  Data  Gb  main.o [1]
hdma_sai2_a             0x2000118c   0x48  Data  Gb  main.o [1]
hdma_spi1_rx            0x200011d4   0x48  Data  Gb  main.o [1]
hdma_spi1_tx            0x2000121c   0x48  Data  Gb  main.o [1]
hdma_usart1_rx          0x20001264   0x48  Data  Gb  main.o [1]
hdma_usart1_tx          0x200012ac   0x48  Data  Gb  main.o [1]
hdma_usart3_rx          0x200012f4   0x48  Data  Gb  main.o [1]
hdma_usart3_tx          0x2000133c   0x48  Data  Gb  main.o [1]
hi2c1                   0x200010b0   0x4c  Data  Gb  main.o [1]
hsai_BlockA2            0x20000d70   0x84  Data  Gb  main.o [1]
hspi1                   0x20000f44   0x64  Data  Gb  main.o [1]
htim6                   0x20001384   0x3c  Data  Gb  main.o [1]
htim7                   0x200013c0   0x3c  Data  Gb  main.o [1]
huart1                  0x20000df4   0x70  Data  Gb  main.o [1]
huart3                  0x20000e64   0x70  Data  Gb  main.o [1]
init_mparams            0x080001a5   0x32  Code  Lc  dlmalloc.o [3]
init_top                0x080001d7   0x34  Code  Lc  dlmalloc.o [3]
logN400                 0x0800d800   0x2c  Data  Lc  modes.o [1]
main                    0x080082a1  0x148  Code  Gb  main.o [1]
matrix_key_data         0x20000ed4   0x70  Data  Gb  matrix keyboard.o [1]
matrix_keyport_init     0x08009ad5   0x2c  Code  Gb  matrix keyboard.o [1]
mdct_twiddles960        0x08005c8c  0xe10  Data  Lc  modes.o [1]
mode48000_960_120       0x0800d610   0x64  Data  Lc  modes.o [1]
mparams                 0x200014ac   0x18  Data  Lc  dlmalloc.o [3]
opus_alloc              0x080098cb    0xc  Code  Lc  opus_decoder.o [1]
opus_alloc              0x08008e53    0xc  Code  Lc  opus_encoder.o [1]
opus_custom_decoder_ctl
                        0x0800bbf5  0x172  Code  Gb  celt_decoder.o [1]
opus_custom_decoder_get_size
                        0x0800bb23   0x1e  Code  Lc  celt_decoder.o [1]
opus_custom_decoder_init
                        0x0800bb83   0x72  Code  Lc  celt_decoder.o [1]
opus_custom_encoder_ctl
                        0x0800b74b  0x276  Code  Gb  celt_encoder.o [1]
opus_custom_encoder_get_size
                        0x0800b65b   0x26  Code  Lc  celt_encoder.o [1]
opus_custom_encoder_init_arch
                        0x0800b681   0x8a  Code  Lc  celt_encoder.o [1]
opus_custom_mode_create
                        0x0800bdd5   0x68  Code  Gb  modes.o [1]
opus_decoder_create     0x08009a0f   0x8a  Code  Gb  opus_decoder.o [1]
opus_decoder_get_size   0x080098e3   0x40  Code  Gb  opus_decoder.o [1]
opus_decoder_init       0x08009923   0xec  Code  Gb  opus_decoder.o [1]
opus_encoder_create     0x080090c1   0xa8  Code  Gb  opus_encoder.o [1]
opus_encoder_ctl        0x080091c9  0x6ea  Code  Gb  opus_encoder.o [1]
opus_encoder_get_size   0x08008e6b   0x42  Code  Gb  opus_encoder.o [1]
opus_encoder_init       0x08008ead  0x212  Code  Gb  opus_encoder.o [1]
opus_free               0x080098d7    0xc  Code  Lc  opus_decoder.o [1]
opus_free               0x08008e5f    0xc  Code  Lc  opus_encoder.o [1]
opus_select_arch        0x0800ba71    0x4  Code  Lc  analysis.o [1]
opus_select_arch        0x0800bb01    0x4  Code  Lc  celt_decoder.o [1]
opus_select_arch        0x080098b9    0x4  Code  Lc  opus_decoder.o [1]
opus_select_arch        0x08008e41    0x4  Code  Lc  opus_encoder.o [1]
prepend_alloc           0x0800020b  0x372  Code  Lc  dlmalloc.o [3]
resampling_factor       0x0800be3d   0x4c  Code  Gb  celt.o [1]
s_cCommunicationState   0x20000024    0x1  Data  Lc  SPIRIT_Management.o [1]
s_lXtalFrequency        0x200014d4    0x4  Data  Lc  SPIRIT_Radio.o [1]
s_nDesiredFrequency     0x200014d0    0x4  Data  Lc  SPIRIT_Management.o [1]
s_vectcBHalfFactor      0x0800d984    0x4  Data  Lc  SPIRIT_Management.o [1]
s_vectcBandRegValue     0x0800d980    0x4  Data  Lc  SPIRIT_Management.o [1]
s_vectnBandwidth26M     0x0800d358   0xb4  Data  Lc  SPIRIT_Radio.o [1]
s_vectnVCOFreq          0x0800d8c8   0x20  Data  Lc  SPIRIT_Radio.o [1]
segment_holding         0x08000189   0x1c  Code  Lc  dlmalloc.o [3]
silk_CLZ32              0x0800b9cd   0x18  Code  Lc  lin2log.o [1]
silk_CLZ_FRAC           0x0800ba0d   0x24  Code  Lc  lin2log.o [1]
silk_CNG_Reset          0x0800bfb1   0x46  Code  Gb  CNG.o [1]
silk_Get_Decoder_Size   0x0800baa5    0xc  Code  Gb  dec_API.o [1]
silk_Get_Encoder_Size   0x0800b51d    0xc  Code  Gb  enc_API.o [1]
silk_InitDecoder        0x0800bab1   0x4e  Code  Gb  dec_API.o [1]
silk_InitEncoder        0x0800b529   0x6c  Code  Gb  enc_API.o [1]
silk_PLC_Reset          0x0800bffd   0x32  Code  Gb  PLC.o [1]
silk_QueryEncoder       0x0800b595   0xa8  Code  Lc  enc_API.o [1]
silk_ROR32              0x0800b9e5   0x28  Code  Lc  lin2log.o [1]
silk_VAD_Init           0x0800bf29   0x88  Code  Gb  VAD.o [1]
silk_init_decoder       0x0800bef1   0x30  Code  Gb  init_decoder.o [1]
silk_init_encoder       0x0800bd85   0x50  Code  Gb  init_encoder.o [1]
silk_lin2log            0x0800ba31   0x40  Code  Gb  lin2log.o [1]
silk_max_32             0x0800bf21    0x8  Code  Lc  VAD.o [1]
static_mode_list        0x0800d97c    0x4  Data  Lc  modes.o [1]
sys_alloc               0x0800057d  0x388  Code  Lc  dlmalloc.o [3]
tmalloc_large           0x08000911  0x380  Code  Lc  dlmalloc.o [3]
tmalloc_small           0x08000c91  0x206  Code  Lc  dlmalloc.o [3]
tonality_analysis_init  0x0800ba75   0x12  Code  Gb  analysis.o [1]
tonality_analysis_reset
                        0x0800ba87   0x1c  Code  Gb  analysis.o [1]
user_bitrate_to_bitrate
                        0x08009169   0x58  Code  Lc  opus_encoder.o [1]
uwTick                  0x200014dc    0x4  Data  Gb  stm32l4xx_hal.o [1]
v_dfsdm1ChannelCounter  0x200014e0    0x4  Data  Gb  stm32l4xx_hal_dfsdm.o [1]
window120               0x0800ced8   0xf0  Data  Lc  modes.o [1]
xDoVcoCalibrationWA     0x20000025    0x1  Data  Lc  SPIRIT_Radio.o [1]


[1] = D:\IAR_Code\Walkie_Talkie\EWARM\Walkie_Talkie\Obj
[2] = command line
[3] = dl7M_tlf.a
[4] = m7M_tls.a
[5] = rt7M_tl.a
[6] = shb_l.a

  46 190 bytes of readonly  code memory
   9 542 bytes of readonly  data memory
  91 378 bytes of readwrite data memory

Errors: none
Warnings: none
